============================= test session starts =============================
platform win32 -- Python 3.13.9, pytest-9.0.1, pluggy-1.6.0 -- C:\Users\Abhi-Akhi\AppData\Local\Programs\Python\Python313\python.exe
cachedir: .pytest_cache
rootdir: D:\Abhi\Projects\AI_Code_Review_Copilot
configfile: pytest.ini
plugins: anyio-4.10.0, langsmith-0.4.29, asyncio-1.3.0, cov-7.0.0, mock-3.15.1, requests-mock-1.12.1
asyncio: mode=Mode.AUTO, debug=False, asyncio_default_fixture_loop_scope=None, asyncio_default_test_loop_scope=function
collecting ... collected 3 items

tests/test_smoke.py::test_pytest_works PASSED                            [ 33%]
tests/test_smoke.py::test_imports PASSED                                 [ 66%]
tests/test_smoke.py::test_environment_setup PASSED                       [100%]
ERROR: Coverage failure: total of 8 is less than fail-under=70


=============================== tests coverage ================================
_______________ coverage: platform win32, python 3.13.9-final-0 _______________

Name                       Stmts   Miss  Cover   Missing
--------------------------------------------------------
app\__init__.py                0      0   100%
app\main.py                  165    165     0%   1-293
app\models.py                 23     23     0%   1-28
core\__init__.py               0      0   100%
core\analyzer.py              73     56    23%   23-55, 59-67, 70-95, 98-126
core\llm_factory.py           49     44    10%   11-38, 44-66
core\report_generator.py      81     76     6%   6-65, 72-188
core\utils.py                  9      8    11%   3-10
utils\__init__.py              0      0   100%
utils\email_sender.py         31     26    16%   10-47
utils\git_integration.py       7      7     0%   1-11
utils\github_client.py        24     24     0%   1-36
utils\knowledge_base.py       44     35    20%   16-50, 57-66
--------------------------------------------------------
TOTAL                        506    464     8%
Coverage HTML written to dir htmlcov
Coverage XML written to file coverage.xml
FAIL Required test coverage of 70% not reached. Total coverage: 8.30%
============================== 3 passed in 1.26s ==============================
